This is XeTeX, Version 3.141592653-2.6-0.999996 (TeX Live 2024) (preloaded format=xelatex 2024.3.27)  24 APR 2024 23:36
entering extended mode
 restricted \write18 enabled.
 %&-line parsing enabled.
**HW2_Report_2020531005_Yanruyue.tex
(./HW2_Report_2020531005_Yanruyue.tex
LaTeX2e <2023-11-01> patch level 1
L3 programming layer <2024-02-20>
(c:/Program Files (x86)/texlive/2024/texmf-dist/tex/latex/base/article.cls
Document Class: article 2023/05/17 v1.4n Standard LaTeX document class
(c:/Program Files (x86)/texlive/2024/texmf-dist/tex/latex/base/size11.clo
File: size11.clo 2023/05/17 v1.4n Standard LaTeX file (size option)
)
\c@part=\count184
\c@section=\count185
\c@subsection=\count186
\c@subsubsection=\count187
\c@paragraph=\count188
\c@subparagraph=\count189
\c@figure=\count190
\c@table=\count191
\abovecaptionskip=\skip48
\belowcaptionskip=\skip49
\bibindent=\dimen140
)
(c:/Program Files (x86)/texlive/2024/texmf-dist/tex/latex/amsfonts/amsfonts.sty
Package: amsfonts 2013/01/14 v3.01 Basic AMSFonts support
\@emptytoks=\toks17
\symAMSa=\mathgroup4
\symAMSb=\mathgroup5
LaTeX Font Info:    Redeclaring math symbol \hbar on input line 98.
LaTeX Font Info:    Overwriting math alphabet `\mathfrak' in version `bold'
(Font)                  U/euf/m/n --> U/euf/b/n on input line 106.
) (c:/Program Files (x86)/texlive/2024/texmf-dist/tex/latex/amsmath/amsmath.sty
Package: amsmath 2023/05/13 v2.17o AMS math features
\@mathmargin=\skip50
For additional information on amsmath, use the `?' option.
(c:/Program Files (x86)/texlive/2024/texmf-dist/tex/latex/amsmath/amstext.sty
Package: amstext 2021/08/26 v2.01 AMS text

(c:/Program Files (x86)/texlive/2024/texmf-dist/tex/latex/amsmath/amsgen.sty
File: amsgen.sty 1999/11/30 v2.0 generic functions
\@emptytoks=\toks18
\ex@=\dimen141
))
(c:/Program Files (x86)/texlive/2024/texmf-dist/tex/latex/amsmath/amsbsy.sty
Package: amsbsy 1999/11/29 v1.2d Bold Symbols
\pmbraise@=\dimen142
)
(c:/Program Files (x86)/texlive/2024/texmf-dist/tex/latex/amsmath/amsopn.sty
Package: amsopn 2022/04/08 v2.04 operator names
)
\inf@bad=\count192
LaTeX Info: Redefining \frac on input line 234.
\uproot@=\count193
\leftroot@=\count194
LaTeX Info: Redefining \overline on input line 399.
LaTeX Info: Redefining \colon on input line 410.
\classnum@=\count195
\DOTSCASE@=\count196
LaTeX Info: Redefining \ldots on input line 496.
LaTeX Info: Redefining \dots on input line 499.
LaTeX Info: Redefining \cdots on input line 620.
\Mathstrutbox@=\box51
\strutbox@=\box52
LaTeX Info: Redefining \big on input line 722.
LaTeX Info: Redefining \Big on input line 723.
LaTeX Info: Redefining \bigg on input line 724.
LaTeX Info: Redefining \Bigg on input line 725.
\big@size=\dimen143
LaTeX Font Info:    Redeclaring font encoding OML on input line 743.
LaTeX Font Info:    Redeclaring font encoding OMS on input line 744.
\macc@depth=\count197
LaTeX Info: Redefining \bmod on input line 905.
LaTeX Info: Redefining \pmod on input line 910.
LaTeX Info: Redefining \smash on input line 940.
LaTeX Info: Redefining \relbar on input line 970.
LaTeX Info: Redefining \Relbar on input line 971.
\c@MaxMatrixCols=\count198
\dotsspace@=\muskip16
\c@parentequation=\count199
\dspbrk@lvl=\count266
\tag@help=\toks19
\row@=\count267
\column@=\count268
\maxfields@=\count269
\andhelp@=\toks20
\eqnshift@=\dimen144
\alignsep@=\dimen145
\tagshift@=\dimen146
\tagwidth@=\dimen147
\totwidth@=\dimen148
\lineht@=\dimen149
\@envbody=\toks21
\multlinegap=\skip51
\multlinetaggap=\skip52
\mathdisplay@stack=\toks22
LaTeX Info: Redefining \[ on input line 2953.
LaTeX Info: Redefining \] on input line 2954.
)
(c:/Program Files (x86)/texlive/2024/texmf-dist/tex/latex/amsfonts/amssymb.sty
Package: amssymb 2013/01/14 v3.01 AMS font symbols
) (c:/Program Files (x86)/texlive/2024/texmf-dist/tex/latex/tools/array.sty
Package: array 2023/10/16 v2.5g Tabular extension package (FMi)
\col@sep=\dimen150
\ar@mcellbox=\box53
\extrarowheight=\dimen151
\NC@list=\toks23
\extratabsurround=\skip53
\backup@length=\skip54
\ar@cellbox=\box54
)
(c:/Program Files (x86)/texlive/2024/texmf-dist/tex/latex/booktabs/booktabs.sty
Package: booktabs 2020/01/12 v1.61803398 Publication quality tables
\heavyrulewidth=\dimen152
\lightrulewidth=\dimen153
\cmidrulewidth=\dimen154
\belowrulesep=\dimen155
\belowbottomsep=\dimen156
\aboverulesep=\dimen157
\abovetopsep=\dimen158
\cmidrulesep=\dimen159
\cmidrulekern=\dimen160
\defaultaddspace=\dimen161
\@cmidla=\count270
\@cmidlb=\count271
\@aboverulesep=\dimen162
\@belowrulesep=\dimen163
\@thisruleclass=\count272
\@lastruleclass=\count273
\@thisrulewidth=\dimen164
) (c:/Program Files (x86)/texlive/2024/texmf-dist/tex/latex/tools/bm.sty
Package: bm 2023/07/08 v1.2f Bold Symbol Support (DPC/FMi)
\symboldoperators=\mathgroup6
\symboldletters=\mathgroup7
\symboldsymbols=\mathgroup8
Package bm Info: No bold for \OMX/cmex/m/n, using \pmb.
Package bm Info: No bold for \U/msa/m/n, using \pmb.
Package bm Info: No bold for \U/msb/m/n, using \pmb.
LaTeX Font Info:    Redeclaring math alphabet \mathbf on input line 149.
)
(c:/Program Files (x86)/texlive/2024/texmf-dist/tex/latex/cite/cite.sty
LaTeX Info: Redefining \cite on input line 302.
LaTeX Info: Redefining \nocite on input line 332.
Package: cite 2015/02/27  v 5.5
)
(c:/Program Files (x86)/texlive/2024/texmf-dist/tex/latex/colortbl/colortbl.sty
Package: colortbl 2024/02/20 v1.0g Color table columns (DPC)
(c:/Program Files (x86)/texlive/2024/texmf-dist/tex/latex/graphics/color.sty
Package: color 2022/01/06 v1.3d Standard LaTeX Color (DPC)

(c:/Program Files (x86)/texlive/2024/texmf-dist/tex/latex/graphics-cfg/color.cf
g
File: color.cfg 2016/01/02 v1.6 sample color configuration
)
Package color Info: Driver file: xetex.def on input line 149.

(c:/Program Files (x86)/texlive/2024/texmf-dist/tex/latex/graphics-def/xetex.de
f
File: xetex.def 2022/09/22 v5.0n Graphics/color driver for xetex
)
(c:/Program Files (x86)/texlive/2024/texmf-dist/tex/latex/graphics/mathcolor.lt
x))
\everycr=\toks24
\minrowclearance=\skip55
\rownum=\count274
)
(c:/Program Files (x86)/texlive/2024/texmf-dist/tex/latex/tools/enumerate.sty
Package: enumerate 2023/07/04 v3.00 enumerate extensions (DPC)
\@enLab=\toks25
)
(c:/Program Files (x86)/texlive/2024/texmf-dist/tex/latex/extarrows/extarrows.s
ty
Package: extarrows 2020/03/12 v1.2.0 Some extensible arrows
) (c:/Program Files (x86)/texlive/2024/texmf-dist/tex/latex/float/float.sty
Package: float 2001/11/08 v1.3d Float enhancements (AL)
\c@float@type=\count275
\float@exts=\toks26
\float@box=\box55
\@float@everytoks=\toks27
\@floatcapt=\box56
)
(c:/Program Files (x86)/texlive/2024/texmf-dist/tex/latex/geometry/geometry.sty
Package: geometry 2020/01/02 v5.9 Page Geometry
(c:/Program Files (x86)/texlive/2024/texmf-dist/tex/latex/graphics/keyval.sty
Package: keyval 2022/05/29 v1.15 key=value parser (DPC)
\KV@toks@=\toks28
)
(c:/Program Files (x86)/texlive/2024/texmf-dist/tex/generic/iftex/ifvtex.sty
Package: ifvtex 2019/10/25 v1.7 ifvtex legacy package. Use iftex instead.

(c:/Program Files (x86)/texlive/2024/texmf-dist/tex/generic/iftex/iftex.sty
Package: iftex 2022/02/03 v1.0f TeX engine tests
))
\Gm@cnth=\count276
\Gm@cntv=\count277
\c@Gm@tempcnt=\count278
\Gm@bindingoffset=\dimen165
\Gm@wd@mp=\dimen166
\Gm@odd@mp=\dimen167
\Gm@even@mp=\dimen168
\Gm@layoutwidth=\dimen169
\Gm@layoutheight=\dimen170
\Gm@layouthoffset=\dimen171
\Gm@layoutvoffset=\dimen172
\Gm@dimlist=\toks29
)
(c:/Program Files (x86)/texlive/2024/texmf-dist/tex/latex/graphics/graphics.sty
Package: graphics 2022/03/10 v1.4e Standard LaTeX Graphics (DPC,SPQR)
(c:/Program Files (x86)/texlive/2024/texmf-dist/tex/latex/graphics/trig.sty
Package: trig 2021/08/11 v1.11 sin cos tan (DPC)
)
(c:/Program Files (x86)/texlive/2024/texmf-dist/tex/latex/graphics-cfg/graphics
.cfg
File: graphics.cfg 2016/06/04 v1.11 sample graphics configuration
)
Package graphics Info: Driver file: xetex.def on input line 107.
)
(c:/Program Files (x86)/texlive/2024/texmf-dist/tex/latex/graphics/graphicx.sty
Package: graphicx 2021/09/16 v1.2d Enhanced LaTeX Graphics (DPC,SPQR)
\Gin@req@height=\dimen173
\Gin@req@width=\dimen174
) (c:/Program Files (x86)/texlive/2024/texmf-dist/tex/latex/base/ifthen.sty
Package: ifthen 2022/04/13 v1.1d Standard LaTeX ifthen package (DPC)
)
(c:/Program Files (x86)/texlive/2024/texmf-dist/tex/latex/listings/listings.sty
\lst@mode=\count279
\lst@gtempboxa=\box57
\lst@token=\toks30
\lst@length=\count280
\lst@currlwidth=\dimen175
\lst@column=\count281
\lst@pos=\count282
\lst@lostspace=\dimen176
\lst@width=\dimen177
\lst@newlines=\count283
\lst@lineno=\count284
\lst@maxwidth=\dimen178

(c:/Program Files (x86)/texlive/2024/texmf-dist/tex/latex/listings/lstpatch.sty
File: lstpatch.sty 2024/02/21 1.10 (Carsten Heinz)
)
(c:/Program Files (x86)/texlive/2024/texmf-dist/tex/latex/listings/lstmisc.sty
File: lstmisc.sty 2024/02/21 1.10 (Carsten Heinz)
\c@lstnumber=\count285
\lst@skipnumbers=\count286
\lst@framebox=\box58
)
(c:/Program Files (x86)/texlive/2024/texmf-dist/tex/latex/listings/listings.cfg
File: listings.cfg 2024/02/21 1.10 listings configuration
))
Package: listings 2024/02/21 1.10 (Carsten Heinz)

(c:/Program Files (x86)/texlive/2024/texmf-dist/tex/latex/tools/longtable.sty
Package: longtable 2023-11-01 v4.19 Multi-page Table package (DPC)
\LTleft=\skip56
\LTright=\skip57
\LTpre=\skip58
\LTpost=\skip59
\LTchunksize=\count287
\LTcapwidth=\dimen179
\LT@head=\box59
\LT@firsthead=\box60
\LT@foot=\box61
\LT@lastfoot=\box62
\LT@gbox=\box63
\LT@cols=\count288
\LT@rows=\count289
\c@LT@tables=\count290
\c@LT@chunks=\count291
\LT@p@ftn=\toks31
)
(c:/Program Files (x86)/texlive/2024/texmf-dist/tex/latex/tools/multicol.sty
Package: multicol 2023/03/30 v1.9f multicolumn formatting (FMi)
\c@tracingmulticols=\count292
\mult@box=\box64
\multicol@leftmargin=\dimen180
\c@unbalance=\count293
\c@collectmore=\count294
\doublecol@number=\count295
\multicoltolerance=\count296
\multicolpretolerance=\count297
\full@width=\dimen181
\page@free=\dimen182
\premulticols=\dimen183
\postmulticols=\dimen184
\multicolsep=\skip60
\multicolbaselineskip=\skip61
\partial@page=\box65
\last@line=\box66
\mc@boxedresult=\box67
\maxbalancingoverflow=\dimen185
\mult@rightbox=\box68
\mult@grightbox=\box69
\mult@firstbox=\box70
\mult@gfirstbox=\box71
\@tempa=\box72
\@tempa=\box73
\@tempa=\box74
\@tempa=\box75
\@tempa=\box76
\@tempa=\box77
\@tempa=\box78
\@tempa=\box79
\@tempa=\box80
\@tempa=\box81
\@tempa=\box82
\@tempa=\box83
\@tempa=\box84
\@tempa=\box85
\@tempa=\box86
\@tempa=\box87
\@tempa=\box88
\@tempa=\box89
\@tempa=\box90
\@tempa=\box91
\@tempa=\box92
\@tempa=\box93
\@tempa=\box94
\@tempa=\box95
\@tempa=\box96
\@tempa=\box97
\@tempa=\box98
\@tempa=\box99
\@tempa=\box100
\@tempa=\box101
\@tempa=\box102
\@tempa=\box103
\@tempa=\box104
\@tempa=\box105
\@tempa=\box106
\@tempa=\box107
\c@minrows=\count298
\c@columnbadness=\count299
\c@finalcolumnbadness=\count300
\last@try=\dimen186
\multicolovershoot=\dimen187
\multicolundershoot=\dimen188
\mult@nat@firstbox=\box108
\colbreak@box=\box109
\mc@col@check@num=\count301
)
(c:/Program Files (x86)/texlive/2024/texmf-dist/tex/latex/pgf/basiclayer/pgf.st
y
(c:/Program Files (x86)/texlive/2024/texmf-dist/tex/latex/pgf/utilities/pgfrcs.
sty
(c:/Program Files (x86)/texlive/2024/texmf-dist/tex/generic/pgf/utilities/pgfut
il-common.tex
\pgfutil@everybye=\toks32
\pgfutil@tempdima=\dimen189
\pgfutil@tempdimb=\dimen190
)
(c:/Program Files (x86)/texlive/2024/texmf-dist/tex/generic/pgf/utilities/pgfut
il-latex.def
\pgfutil@abb=\box110
)
(c:/Program Files (x86)/texlive/2024/texmf-dist/tex/generic/pgf/utilities/pgfrc
s.code.tex
(c:/Program Files (x86)/texlive/2024/texmf-dist/tex/generic/pgf/pgf.revision.te
x)
Package: pgfrcs 2023-01-15 v3.1.10 (3.1.10)
))
Package: pgf 2023-01-15 v3.1.10 (3.1.10)

(c:/Program Files (x86)/texlive/2024/texmf-dist/tex/latex/pgf/basiclayer/pgfcor
e.sty
(c:/Program Files (x86)/texlive/2024/texmf-dist/tex/latex/pgf/systemlayer/pgfsy
s.sty
(c:/Program Files (x86)/texlive/2024/texmf-dist/tex/generic/pgf/systemlayer/pgf
sys.code.tex
Package: pgfsys 2023-01-15 v3.1.10 (3.1.10)

(c:/Program Files (x86)/texlive/2024/texmf-dist/tex/generic/pgf/utilities/pgfke
ys.code.tex
\pgfkeys@pathtoks=\toks33
\pgfkeys@temptoks=\toks34

(c:/Program Files (x86)/texlive/2024/texmf-dist/tex/generic/pgf/utilities/pgfke
yslibraryfiltered.code.tex
\pgfkeys@tmptoks=\toks35
))
\pgf@x=\dimen191
\pgf@y=\dimen192
\pgf@xa=\dimen193
\pgf@ya=\dimen194
\pgf@xb=\dimen195
\pgf@yb=\dimen196
\pgf@xc=\dimen197
\pgf@yc=\dimen198
\pgf@xd=\dimen199
\pgf@yd=\dimen256
\w@pgf@writea=\write3
\r@pgf@reada=\read2
\c@pgf@counta=\count302
\c@pgf@countb=\count303
\c@pgf@countc=\count304
\c@pgf@countd=\count305
\t@pgf@toka=\toks36
\t@pgf@tokb=\toks37
\t@pgf@tokc=\toks38
\pgf@sys@id@count=\count306

(c:/Program Files (x86)/texlive/2024/texmf-dist/tex/generic/pgf/systemlayer/pgf
.cfg
File: pgf.cfg 2023-01-15 v3.1.10 (3.1.10)
)
Driver file for pgf: pgfsys-xetex.def

(c:/Program Files (x86)/texlive/2024/texmf-dist/tex/generic/pgf/systemlayer/pgf
sys-xetex.def
File: pgfsys-xetex.def 2023-01-15 v3.1.10 (3.1.10)

(c:/Program Files (x86)/texlive/2024/texmf-dist/tex/generic/pgf/systemlayer/pgf
sys-dvipdfmx.def
File: pgfsys-dvipdfmx.def 2023-01-15 v3.1.10 (3.1.10)

(c:/Program Files (x86)/texlive/2024/texmf-dist/tex/generic/pgf/systemlayer/pgf
sys-common-pdf.def
File: pgfsys-common-pdf.def 2023-01-15 v3.1.10 (3.1.10)
)
\pgfsys@objnum=\count307
)))
(c:/Program Files (x86)/texlive/2024/texmf-dist/tex/generic/pgf/systemlayer/pgf
syssoftpath.code.tex
File: pgfsyssoftpath.code.tex 2023-01-15 v3.1.10 (3.1.10)
\pgfsyssoftpath@smallbuffer@items=\count308
\pgfsyssoftpath@bigbuffer@items=\count309
)
(c:/Program Files (x86)/texlive/2024/texmf-dist/tex/generic/pgf/systemlayer/pgf
sysprotocol.code.tex
File: pgfsysprotocol.code.tex 2023-01-15 v3.1.10 (3.1.10)
))
(c:/Program Files (x86)/texlive/2024/texmf-dist/tex/latex/xcolor/xcolor.sty
Package: xcolor 2023/11/15 v3.01 LaTeX color extensions (UK)

(c:/Program Files (x86)/texlive/2024/texmf-dist/tex/latex/graphics-cfg/color.cf
g
File: color.cfg 2016/01/02 v1.6 sample color configuration
)
Package xcolor Info: Driver file: xetex.def on input line 274.
LaTeX Info: Redefining \color on input line 758.

(c:/Program Files (x86)/texlive/2024/texmf-dist/tex/latex/graphics/mathcolor.lt
x)
Package xcolor Info: Model `cmy' substituted by `cmy0' on input line 1350.
Package xcolor Info: Model `RGB' extended on input line 1366.
Package xcolor Info: Model `HTML' substituted by `rgb' on input line 1368.
Package xcolor Info: Model `Hsb' substituted by `hsb' on input line 1369.
Package xcolor Info: Model `tHsb' substituted by `hsb' on input line 1370.
Package xcolor Info: Model `HSB' substituted by `hsb' on input line 1371.
Package xcolor Info: Model `Gray' substituted by `gray' on input line 1372.
Package xcolor Info: Model `wave' substituted by `hsb' on input line 1373.
)
(c:/Program Files (x86)/texlive/2024/texmf-dist/tex/generic/pgf/basiclayer/pgfc
ore.code.tex
Package: pgfcore 2023-01-15 v3.1.10 (3.1.10)

(c:/Program Files (x86)/texlive/2024/texmf-dist/tex/generic/pgf/math/pgfmath.co
de.tex
(c:/Program Files (x86)/texlive/2024/texmf-dist/tex/generic/pgf/math/pgfmathuti
l.code.tex)
(c:/Program Files (x86)/texlive/2024/texmf-dist/tex/generic/pgf/math/pgfmathpar
ser.code.tex
\pgfmath@dimen=\dimen257
\pgfmath@count=\count310
\pgfmath@box=\box111
\pgfmath@toks=\toks39
\pgfmath@stack@operand=\toks40
\pgfmath@stack@operation=\toks41
)
(c:/Program Files (x86)/texlive/2024/texmf-dist/tex/generic/pgf/math/pgfmathfun
ctions.code.tex)
(c:/Program Files (x86)/texlive/2024/texmf-dist/tex/generic/pgf/math/pgfmathfun
ctions.basic.code.tex)
(c:/Program Files (x86)/texlive/2024/texmf-dist/tex/generic/pgf/math/pgfmathfun
ctions.trigonometric.code.tex)
(c:/Program Files (x86)/texlive/2024/texmf-dist/tex/generic/pgf/math/pgfmathfun
ctions.random.code.tex)
(c:/Program Files (x86)/texlive/2024/texmf-dist/tex/generic/pgf/math/pgfmathfun
ctions.comparison.code.tex)
(c:/Program Files (x86)/texlive/2024/texmf-dist/tex/generic/pgf/math/pgfmathfun
ctions.base.code.tex)
(c:/Program Files (x86)/texlive/2024/texmf-dist/tex/generic/pgf/math/pgfmathfun
ctions.round.code.tex)
(c:/Program Files (x86)/texlive/2024/texmf-dist/tex/generic/pgf/math/pgfmathfun
ctions.misc.code.tex)
(c:/Program Files (x86)/texlive/2024/texmf-dist/tex/generic/pgf/math/pgfmathfun
ctions.integerarithmetics.code.tex)
(c:/Program Files (x86)/texlive/2024/texmf-dist/tex/generic/pgf/math/pgfmathcal
c.code.tex)
(c:/Program Files (x86)/texlive/2024/texmf-dist/tex/generic/pgf/math/pgfmathflo
at.code.tex
\c@pgfmathroundto@lastzeros=\count311
))
(c:/Program Files (x86)/texlive/2024/texmf-dist/tex/generic/pgf/math/pgfint.cod
e.tex)
(c:/Program Files (x86)/texlive/2024/texmf-dist/tex/generic/pgf/basiclayer/pgfc
orepoints.code.tex
File: pgfcorepoints.code.tex 2023-01-15 v3.1.10 (3.1.10)
\pgf@picminx=\dimen258
\pgf@picmaxx=\dimen259
\pgf@picminy=\dimen260
\pgf@picmaxy=\dimen261
\pgf@pathminx=\dimen262
\pgf@pathmaxx=\dimen263
\pgf@pathminy=\dimen264
\pgf@pathmaxy=\dimen265
\pgf@xx=\dimen266
\pgf@xy=\dimen267
\pgf@yx=\dimen268
\pgf@yy=\dimen269
\pgf@zx=\dimen270
\pgf@zy=\dimen271
)
(c:/Program Files (x86)/texlive/2024/texmf-dist/tex/generic/pgf/basiclayer/pgfc
orepathconstruct.code.tex
File: pgfcorepathconstruct.code.tex 2023-01-15 v3.1.10 (3.1.10)
\pgf@path@lastx=\dimen272
\pgf@path@lasty=\dimen273
)
(c:/Program Files (x86)/texlive/2024/texmf-dist/tex/generic/pgf/basiclayer/pgfc
orepathusage.code.tex
File: pgfcorepathusage.code.tex 2023-01-15 v3.1.10 (3.1.10)
\pgf@shorten@end@additional=\dimen274
\pgf@shorten@start@additional=\dimen275
)
(c:/Program Files (x86)/texlive/2024/texmf-dist/tex/generic/pgf/basiclayer/pgfc
orescopes.code.tex
File: pgfcorescopes.code.tex 2023-01-15 v3.1.10 (3.1.10)
\pgfpic=\box112
\pgf@hbox=\box113
\pgf@layerbox@main=\box114
\pgf@picture@serial@count=\count312
)
(c:/Program Files (x86)/texlive/2024/texmf-dist/tex/generic/pgf/basiclayer/pgfc
oregraphicstate.code.tex
File: pgfcoregraphicstate.code.tex 2023-01-15 v3.1.10 (3.1.10)
\pgflinewidth=\dimen276
)
(c:/Program Files (x86)/texlive/2024/texmf-dist/tex/generic/pgf/basiclayer/pgfc
oretransformations.code.tex
File: pgfcoretransformations.code.tex 2023-01-15 v3.1.10 (3.1.10)
\pgf@pt@x=\dimen277
\pgf@pt@y=\dimen278
\pgf@pt@temp=\dimen279
)
(c:/Program Files (x86)/texlive/2024/texmf-dist/tex/generic/pgf/basiclayer/pgfc
orequick.code.tex
File: pgfcorequick.code.tex 2023-01-15 v3.1.10 (3.1.10)
)
(c:/Program Files (x86)/texlive/2024/texmf-dist/tex/generic/pgf/basiclayer/pgfc
oreobjects.code.tex
File: pgfcoreobjects.code.tex 2023-01-15 v3.1.10 (3.1.10)
)
(c:/Program Files (x86)/texlive/2024/texmf-dist/tex/generic/pgf/basiclayer/pgfc
orepathprocessing.code.tex
File: pgfcorepathprocessing.code.tex 2023-01-15 v3.1.10 (3.1.10)
)
(c:/Program Files (x86)/texlive/2024/texmf-dist/tex/generic/pgf/basiclayer/pgfc
orearrows.code.tex
File: pgfcorearrows.code.tex 2023-01-15 v3.1.10 (3.1.10)
\pgfarrowsep=\dimen280
)
(c:/Program Files (x86)/texlive/2024/texmf-dist/tex/generic/pgf/basiclayer/pgfc
oreshade.code.tex
File: pgfcoreshade.code.tex 2023-01-15 v3.1.10 (3.1.10)
\pgf@max=\dimen281
\pgf@sys@shading@range@num=\count313
\pgf@shadingcount=\count314
)
(c:/Program Files (x86)/texlive/2024/texmf-dist/tex/generic/pgf/basiclayer/pgfc
oreimage.code.tex
File: pgfcoreimage.code.tex 2023-01-15 v3.1.10 (3.1.10)
)
(c:/Program Files (x86)/texlive/2024/texmf-dist/tex/generic/pgf/basiclayer/pgfc
oreexternal.code.tex
File: pgfcoreexternal.code.tex 2023-01-15 v3.1.10 (3.1.10)
\pgfexternal@startupbox=\box115
)
(c:/Program Files (x86)/texlive/2024/texmf-dist/tex/generic/pgf/basiclayer/pgfc
orelayers.code.tex
File: pgfcorelayers.code.tex 2023-01-15 v3.1.10 (3.1.10)
)
(c:/Program Files (x86)/texlive/2024/texmf-dist/tex/generic/pgf/basiclayer/pgfc
oretransparency.code.tex
File: pgfcoretransparency.code.tex 2023-01-15 v3.1.10 (3.1.10)
)
(c:/Program Files (x86)/texlive/2024/texmf-dist/tex/generic/pgf/basiclayer/pgfc
orepatterns.code.tex
File: pgfcorepatterns.code.tex 2023-01-15 v3.1.10 (3.1.10)
)
(c:/Program Files (x86)/texlive/2024/texmf-dist/tex/generic/pgf/basiclayer/pgfc
orerdf.code.tex
File: pgfcorerdf.code.tex 2023-01-15 v3.1.10 (3.1.10)
)))
(c:/Program Files (x86)/texlive/2024/texmf-dist/tex/generic/pgf/modules/pgfmodu
leshapes.code.tex
File: pgfmoduleshapes.code.tex 2023-01-15 v3.1.10 (3.1.10)
\pgfnodeparttextbox=\box116
)
(c:/Program Files (x86)/texlive/2024/texmf-dist/tex/generic/pgf/modules/pgfmodu
leplot.code.tex
File: pgfmoduleplot.code.tex 2023-01-15 v3.1.10 (3.1.10)
)
(c:/Program Files (x86)/texlive/2024/texmf-dist/tex/latex/pgf/compatibility/pgf
comp-version-0-65.sty
Package: pgfcomp-version-0-65 2023-01-15 v3.1.10 (3.1.10)
\pgf@nodesepstart=\dimen282
\pgf@nodesepend=\dimen283
)
(c:/Program Files (x86)/texlive/2024/texmf-dist/tex/latex/pgf/compatibility/pgf
comp-version-1-18.sty
Package: pgfcomp-version-1-18 2023-01-15 v3.1.10 (3.1.10)
))
(c:/Program Files (x86)/texlive/2024/texmf-dist/tex/latex/pgfplots/pgfplots.sty

(c:/Program Files (x86)/texlive/2024/texmf-dist/tex/generic/pgfplots/pgfplots.r
evision.tex)
Package: pgfplots 2021/05/15 v1.18.1 Data Visualization (1.18.1)

(c:/Program Files (x86)/texlive/2024/texmf-dist/tex/latex/pgf/frontendlayer/tik
z.sty
(c:/Program Files (x86)/texlive/2024/texmf-dist/tex/latex/pgf/utilities/pgffor.
sty
(c:/Program Files (x86)/texlive/2024/texmf-dist/tex/latex/pgf/utilities/pgfkeys
.sty
(c:/Program Files (x86)/texlive/2024/texmf-dist/tex/generic/pgf/utilities/pgfke
ys.code.tex))
(c:/Program Files (x86)/texlive/2024/texmf-dist/tex/latex/pgf/math/pgfmath.sty
(c:/Program Files (x86)/texlive/2024/texmf-dist/tex/generic/pgf/math/pgfmath.co
de.tex))
(c:/Program Files (x86)/texlive/2024/texmf-dist/tex/generic/pgf/utilities/pgffo
r.code.tex
Package: pgffor 2023-01-15 v3.1.10 (3.1.10)
\pgffor@iter=\dimen284
\pgffor@skip=\dimen285
\pgffor@stack=\toks42
\pgffor@toks=\toks43
))
(c:/Program Files (x86)/texlive/2024/texmf-dist/tex/generic/pgf/frontendlayer/t
ikz/tikz.code.tex
Package: tikz 2023-01-15 v3.1.10 (3.1.10)

(c:/Program Files (x86)/texlive/2024/texmf-dist/tex/generic/pgf/libraries/pgfli
braryplothandlers.code.tex
File: pgflibraryplothandlers.code.tex 2023-01-15 v3.1.10 (3.1.10)
\pgf@plot@mark@count=\count315
\pgfplotmarksize=\dimen286
)
\tikz@lastx=\dimen287
\tikz@lasty=\dimen288
\tikz@lastxsaved=\dimen289
\tikz@lastysaved=\dimen290
\tikz@lastmovetox=\dimen291
\tikz@lastmovetoy=\dimen292
\tikzleveldistance=\dimen293
\tikzsiblingdistance=\dimen294
\tikz@figbox=\box117
\tikz@figbox@bg=\box118
\tikz@tempbox=\box119
\tikz@tempbox@bg=\box120
\tikztreelevel=\count316
\tikznumberofchildren=\count317
\tikznumberofcurrentchild=\count318
\tikz@fig@count=\count319

(c:/Program Files (x86)/texlive/2024/texmf-dist/tex/generic/pgf/modules/pgfmodu
lematrix.code.tex
File: pgfmodulematrix.code.tex 2023-01-15 v3.1.10 (3.1.10)
\pgfmatrixcurrentrow=\count320
\pgfmatrixcurrentcolumn=\count321
\pgf@matrix@numberofcolumns=\count322
)
\tikz@expandcount=\count323

(c:/Program Files (x86)/texlive/2024/texmf-dist/tex/generic/pgf/frontendlayer/t
ikz/libraries/tikzlibrarytopaths.code.tex
File: tikzlibrarytopaths.code.tex 2023-01-15 v3.1.10 (3.1.10)
)))
(c:/Program Files (x86)/texlive/2024/texmf-dist/tex/generic/pgfplots/pgfplots.c
ode.tex
(c:/Program Files (x86)/texlive/2024/texmf-dist/tex/generic/pgfplots/pgfplotsco
re.code.tex
\t@pgfplots@toka=\toks44
\t@pgfplots@tokb=\toks45
\t@pgfplots@tokc=\toks46
\pgfplots@tmpa=\dimen295
\c@pgfplots@coordindex=\count324
\c@pgfplots@scanlineindex=\count325

(c:/Program Files (x86)/texlive/2024/texmf-dist/tex/generic/pgfplots/sys/pgfplo
tssysgeneric.code.tex))
(c:/Program Files (x86)/texlive/2024/texmf-dist/tex/generic/pgfplots/libs/pgfpl
otslibrary.code.tex)
(c:/Program Files (x86)/texlive/2024/texmf-dist/tex/generic/pgfplots/oldpgfcomp
atib/pgfplotsoldpgfsupp_loader.code.tex
(c:/Program Files (x86)/texlive/2024/texmf-dist/tex/generic/pgf/libraries/pgfli
braryfpu.code.tex)
Package pgfplots: loading complementary utilities for your pgf version...
\t@pgf@toka=\toks47
\t@pgf@tokb=\toks48
\t@pgf@tokc=\toks49

(c:/Program Files (x86)/texlive/2024/texmf-dist/tex/generic/pgfplots/oldpgfcomp
atib/pgfplotsoldpgfsupp_pgfutil-common-lists.tex))
(c:/Program Files (x86)/texlive/2024/texmf-dist/tex/generic/pgfplots/util/pgfpl
otsutil.code.tex
(c:/Program Files (x86)/texlive/2024/texmf-dist/tex/generic/pgfplots/liststruct
ure/pgfplotsliststructure.code.tex)
(c:/Program Files (x86)/texlive/2024/texmf-dist/tex/generic/pgfplots/liststruct
ure/pgfplotsliststructureext.code.tex)
(c:/Program Files (x86)/texlive/2024/texmf-dist/tex/generic/pgfplots/liststruct
ure/pgfplotsarray.code.tex
\c@pgfplotsarray@tmp=\count326
)
(c:/Program Files (x86)/texlive/2024/texmf-dist/tex/generic/pgfplots/liststruct
ure/pgfplotsmatrix.code.tex)
(c:/Program Files (x86)/texlive/2024/texmf-dist/tex/generic/pgfplots/numtable/p
gfplotstableshared.code.tex
\c@pgfplotstable@counta=\count327
\t@pgfplotstable@a=\toks50
)
(c:/Program Files (x86)/texlive/2024/texmf-dist/tex/generic/pgfplots/liststruct
ure/pgfplotsdeque.code.tex)
(c:/Program Files (x86)/texlive/2024/texmf-dist/tex/generic/pgfplots/util/pgfpl
otsbinary.code.tex
(c:/Program Files (x86)/texlive/2024/texmf-dist/tex/generic/pgfplots/util/pgfpl
otsbinary.data.code.tex))
(c:/Program Files (x86)/texlive/2024/texmf-dist/tex/generic/pgfplots/util/pgfpl
otsutil.verb.code.tex)
(c:/Program Files (x86)/texlive/2024/texmf-dist/tex/generic/pgfplots/libs/pgfli
brarypgfplots.surfshading.code.tex
\c@pgfplotslibrarysurf@no=\count328

(c:/Program Files (x86)/texlive/2024/texmf-dist/tex/generic/pgfplots/sys/pgflib
rarypgfplots.surfshading.pgfsys-xetex.def
(c:/Program Files (x86)/texlive/2024/texmf-dist/tex/generic/pgfplots/sys/pgflib
rarypgfplots.surfshading.pgfsys-dvipdfmx.def
\c@pgfplotslibrarysurf@streamlen=\count329
))))
(c:/Program Files (x86)/texlive/2024/texmf-dist/tex/generic/pgfplots/util/pgfpl
otscolormap.code.tex
(c:/Program Files (x86)/texlive/2024/texmf-dist/tex/generic/pgfplots/util/pgfpl
otscolor.code.tex))
(c:/Program Files (x86)/texlive/2024/texmf-dist/tex/generic/pgfplots/pgfplotsst
ackedplots.code.tex)
(c:/Program Files (x86)/texlive/2024/texmf-dist/tex/generic/pgfplots/pgfplotspl
othandlers.code.tex
(c:/Program Files (x86)/texlive/2024/texmf-dist/tex/generic/pgfplots/pgfplotsme
shplothandler.code.tex
(c:/Program Files (x86)/texlive/2024/texmf-dist/tex/generic/pgfplots/pgfplotsme
shplotimage.code.tex)))
(c:/Program Files (x86)/texlive/2024/texmf-dist/tex/generic/pgfplots/pgfplots.s
caling.code.tex)
(c:/Program Files (x86)/texlive/2024/texmf-dist/tex/generic/pgfplots/pgfplotsco
ordprocessing.code.tex)
(c:/Program Files (x86)/texlive/2024/texmf-dist/tex/generic/pgfplots/pgfplots.e
rrorbars.code.tex)
(c:/Program Files (x86)/texlive/2024/texmf-dist/tex/generic/pgfplots/pgfplots.m
arkers.code.tex)
(c:/Program Files (x86)/texlive/2024/texmf-dist/tex/generic/pgfplots/pgfplotsti
cks.code.tex)
(c:/Program Files (x86)/texlive/2024/texmf-dist/tex/generic/pgfplots/pgfplots.p
aths.code.tex)
(c:/Program Files (x86)/texlive/2024/texmf-dist/tex/generic/pgf/frontendlayer/t
ikz/libraries/tikzlibrarydecorations.code.tex
(c:/Program Files (x86)/texlive/2024/texmf-dist/tex/generic/pgf/modules/pgfmodu
ledecorations.code.tex
\pgfdecoratedcompleteddistance=\dimen296
\pgfdecoratedremainingdistance=\dimen297
\pgfdecoratedinputsegmentcompleteddistance=\dimen298
\pgfdecoratedinputsegmentremainingdistance=\dimen299
\pgf@decorate@distancetomove=\dimen300
\pgf@decorate@repeatstate=\count330
\pgfdecorationsegmentamplitude=\dimen301
\pgfdecorationsegmentlength=\dimen302
)
\tikz@lib@dec@box=\box121
)
(c:/Program Files (x86)/texlive/2024/texmf-dist/tex/generic/pgf/frontendlayer/t
ikz/libraries/tikzlibrarydecorations.pathmorphing.code.tex
(c:/Program Files (x86)/texlive/2024/texmf-dist/tex/generic/pgf/libraries/decor
ations/pgflibrarydecorations.pathmorphing.code.tex))
(c:/Program Files (x86)/texlive/2024/texmf-dist/tex/generic/pgf/frontendlayer/t
ikz/libraries/tikzlibrarydecorations.pathreplacing.code.tex
(c:/Program Files (x86)/texlive/2024/texmf-dist/tex/generic/pgf/libraries/decor
ations/pgflibrarydecorations.pathreplacing.code.tex))
(c:/Program Files (x86)/texlive/2024/texmf-dist/tex/generic/pgfplots/libs/tikzl
ibrarypgfplots.contourlua.code.tex)
\pgfplots@numplots=\count331
\pgfplots@xmin@reg=\dimen303
\pgfplots@xmax@reg=\dimen304
\pgfplots@ymin@reg=\dimen305
\pgfplots@ymax@reg=\dimen306
\pgfplots@zmin@reg=\dimen307
\pgfplots@zmax@reg=\dimen308
)
(c:/Program Files (x86)/texlive/2024/texmf-dist/tex/generic/pgf/frontendlayer/t
ikz/libraries/tikzlibraryplotmarks.code.tex
File: tikzlibraryplotmarks.code.tex 2023-01-15 v3.1.10 (3.1.10)

(c:/Program Files (x86)/texlive/2024/texmf-dist/tex/generic/pgf/libraries/pgfli
braryplotmarks.code.tex
File: pgflibraryplotmarks.code.tex 2023-01-15 v3.1.10 (3.1.10)
)))
(c:/Program Files (x86)/texlive/2024/texmf-dist/tex/latex/psnfss/pifont.sty
Package: pifont 2020/03/25 PSNFSS-v9.3 Pi font support (SPQR) 
LaTeX Font Info:    Trying to load font information for U+pzd on input line 63.


(c:/Program Files (x86)/texlive/2024/texmf-dist/tex/latex/psnfss/upzd.fd
File: upzd.fd 2001/06/04 font definitions for U/pzd.
)
LaTeX Font Info:    Trying to load font information for U+psy on input line 64.


(c:/Program Files (x86)/texlive/2024/texmf-dist/tex/latex/psnfss/upsy.fd
File: upsy.fd 2001/06/04 font definitions for U/psy.
))
(c:/Program Files (x86)/texlive/2024/texmf-dist/tex/latex/pstricks/pstricks.sty
Package: pstricks 2024/02/02 v0.75 LaTeX wrapper for `PSTricks' (RN,HV)

(c:/Program Files (x86)/texlive/2024/texmf-dist/tex/generic/xkeyval/pst-xkey.te
x
File: pst-xkey.tex 2005/11/25 v1.6 PSTricks specialization of xkeyval (HA)
 (c:/Program Files (x86)/texlive/2024/texmf-dist/tex/latex/xkeyval/xkeyval.sty
Package: xkeyval 2022/06/16 v2.9 package option processing (HA)

(c:/Program Files (x86)/texlive/2024/texmf-dist/tex/generic/xkeyval/xkeyval.tex

(c:/Program Files (x86)/texlive/2024/texmf-dist/tex/generic/xkeyval/xkvutils.te
x
\XKV@toks=\toks51
\XKV@tempa@toks=\toks52
)
\XKV@depth=\count332
File: xkeyval.tex 2014/12/03 v2.7a key=value parser (HA)
)))
(c:/Program Files (x86)/texlive/2024/texmf-dist/tex/generic/pstricks/pstricks.t
ex
(c:/Program Files (x86)/texlive/2024/texmf-dist/tex/generic/pstricks/pst-fp.tex
`pst-fp' v0.06, 2020/11/20 (hv)
\pstFP@xs=\count333
\pstFP@xia=\count334
\pstFP@xib=\count335
\pstFP@xfa=\count336
\pstFP@xfb=\count337
\pstFP@rega=\count338
\pstFP@regb=\count339
\pstFP@regs=\count340
\pstFP@times=\count341
)
\psLoopIndex=\count342

`PSTricks' v3.19c  <2024/02/02> (tvz,hv)
\pst@dima=\dimen309
\pst@dimb=\dimen310
\pst@dimc=\dimen311
\pst@dimd=\dimen312
\pst@dimg=\dimen313
\pst@dimh=\dimen314
\pst@dimm=\dimen315
\pst@dimn=\dimen316
\pst@dimo=\dimen317
\pst@dimp=\dimen318
\pst@hbox=\box122
\pst@ibox=\box123
\pst@boxg=\box124
\pst@cnta=\count343
\pst@cntb=\count344
\pst@cntc=\count345
\pst@cntd=\count346
\pst@cntg=\count347
\pst@cnth=\count348
\pst@cntm=\count349
\pst@cntn=\count350
\pst@cnto=\count351
\pst@cntp=\count352
\@zero=\count353
\pst@toks=\toks53
--- We are running latex or xelatex ---

(c:/Program Files (x86)/texlive/2024/texmf-dist/tex/xelatex/xetex-pstricks/pstr
icks.con
(c:/Program Files (x86)/texlive/2024/texmf-dist/tex/generic/pstricks/config/xdv
ipdfmx.cfg))
(c:/Program Files (x86)/texlive/2024/texmf-dist/tex/generic/pstricks/pstricks-c
olor.tex)
\psunit=\dimen319
\psxunit=\dimen320
\psyunit=\dimen321
\pst@C@@rType=\count354
\pslinewidth=\dimen322
\psk@startLW=\dimen323
\psk@endLW=\dimen324

(c:/Program Files (x86)/texlive/2024/texmf-dist/tex/generic/pstricks/pstricks-a
rrows.tex
\pshooklength=\dimen325
\pshookwidth=\dimen326
)
\pst@customdefs=\toks54

(c:/Program Files (x86)/texlive/2024/texmf-dist/tex/generic/pstricks/pstricks-d
ots.tex)
\pslinearc=\dimen327
\pst@symbolStep=\dimen328
\pst@symbolWidth=\dimen329
\pst@symbolLinewidth=\dimen330
\everypsbox=\toks55
\psframesep=\dimen331
\pslabelsep=\dimen332
\sh@wgridXunit=\dimen333
\sh@wgridYunit=\dimen334
\pst@shift=\dimen335
\ps@imagectr=\count355

(c:/Program Files (x86)/texlive/2024/texmf-dist/tex/xelatex/xetex-pstricks/pstr
icks.con
(c:/Program Files (x86)/texlive/2024/texmf-dist/tex/generic/pstricks/config/xdv
ipdfmx.cfg
Using PSTricks configuration for LaTeX+dvipdfmx
)))
File: pstricks.tex 2024/02/02 v3.19c `PSTricks' (tvz,hv)

(c:/Program Files (x86)/texlive/2024/texmf-dist/tex/generic/pstricks/pst-fp.tex
`pst-fp' v0.06, 2020/11/20 (hv))
File: pst-fp.tex 2020/11/20 v0.06 `PST-fp' (hv)

>>> Loading XeTeX special macros

(c:/Program Files (x86)/texlive/2024/texmf-dist/tex/generic/pstricks/pstricks-x
etex.def))
(c:/Program Files (x86)/texlive/2024/texmf-dist/tex/latex/pst-node/pst-node.sty
Package: pst-node 2012/09/18 v1.01 LaTeX wrapper for `pst-node' (HV)
Package: pst-node 2010/04/22 package wrapper for pst-node.tex

(c:/Program Files (x86)/texlive/2024/texmf-dist/tex/generic/pst-node/pst-node.t
ex  v1.43, 2022/01/31
\psrow=\count356
\pscol=\count357
\psmatrixcnt=\count358
\psrowsep=\skip62
\pscolsep=\skip63
\pst@args=\count359
\num@pts=\count360
\pst@argcnt=\count361
)
File: pst-node.tex 2022/01/31 1.43 `pst-node' (tvz,hv)
)
(c:/Program Files (x86)/texlive/2024/texmf-dist/tex/latex/pst-tree/pst-tree.sty
Package: pst-tree 2009/01/25 package wrapper for pst-tree.tex

(c:/Program Files (x86)/texlive/2024/texmf-dist/tex/generic/pst-tree/pst-tree.t
ex  v1.14, 2021/09/04(tvz,dg,hv)
\pstree@rootbox=\box125
\pstree@box=\box126
\psnodecnt=\count362
\pstreelevel=\count363
\pstreecnt=\count364
\pstree@cnt=\count365
\pstree@stop=\count366
)
File: pst-tree.tex 2021/09/04 1.14 `pst-tree' (tvz,hv)
)
(c:/Program Files (x86)/texlive/2024/texmf-dist/tex/latex/pythonhighlight/pytho
nhighlight.sty
Package: pythonhighlight 2017/02/09 python code highlighting; provided by Olivi
er Verdier <olivier.verdier@gmail.com>
)
(c:/Program Files (x86)/texlive/2024/texmf-dist/tex/latex/setspace/setspace.sty
Package: setspace 2022/12/04 v6.7b set line spacing
) (c:/Program Files (x86)/texlive/2024/texmf-dist/tex/latex/tools/tabularx.sty
Package: tabularx 2023/07/08 v2.11c `tabularx' package (DPC)
\TX@col@width=\dimen336
\TX@old@table=\dimen337
\TX@old@col=\dimen338
\TX@target=\dimen339
\TX@delta=\dimen340
\TX@cols=\count367
\TX@ftn=\toks56
) (c:/Program Files (x86)/texlive/2024/texmf-dist/tex/latex/tocloft/tocloft.sty
Package: tocloft 2017/08/31 v2.3i parameterised ToC, etc., typesetting
Package tocloft Info: The document has section divisions on input line 51.
\cftparskip=\skip64
\cftbeforetoctitleskip=\skip65
\cftaftertoctitleskip=\skip66
\cftbeforepartskip=\skip67
\cftpartnumwidth=\skip68
\cftpartindent=\skip69
\cftbeforesecskip=\skip70
\cftsecindent=\skip71
\cftsecnumwidth=\skip72
\cftbeforesubsecskip=\skip73
\cftsubsecindent=\skip74
\cftsubsecnumwidth=\skip75
\cftbeforesubsubsecskip=\skip76
\cftsubsubsecindent=\skip77
\cftsubsubsecnumwidth=\skip78
\cftbeforeparaskip=\skip79
\cftparaindent=\skip80
\cftparanumwidth=\skip81
\cftbeforesubparaskip=\skip82
\cftsubparaindent=\skip83
\cftsubparanumwidth=\skip84
\cftbeforeloftitleskip=\skip85
\cftafterloftitleskip=\skip86
\cftbeforefigskip=\skip87
\cftfigindent=\skip88
\cftfignumwidth=\skip89
\c@lofdepth=\count368
\c@lotdepth=\count369
\cftbeforelottitleskip=\skip90
\cftafterlottitleskip=\skip91
\cftbeforetabskip=\skip92
\cfttabindent=\skip93
\cfttabnumwidth=\skip94
) (c:/Program Files (x86)/texlive/2024/texmf-dist/tex/latex/wrapfig/wrapfig.sty
\wrapoverhang=\dimen341
\WF@size=\dimen342
\c@WF@wrappedlines=\count370
\WF@box=\box127
\WF@everypar=\toks57
Package: wrapfig 2003/01/31  v 3.6
)
(c:/Program Files (x86)/texlive/2024/texmf-dist/tex/latex/l3backend/l3backend-x
etex.def
File: l3backend-xetex.def 2024-02-20 L3 backend support: XeTeX
\g__graphics_track_int=\count371
\l__pdf_internal_box=\box128
\g__pdf_backend_object_int=\count372
\g__pdf_backend_annotation_int=\count373
\g__pdf_backend_link_int=\count374
)

LaTeX Warning: Unused global option(s):
    [A4paper].

(./HW2_Report_2020531005_Yanruyue.aux)
\openout1 = `HW2_Report_2020531005_Yanruyue.aux'.

LaTeX Font Info:    Checking defaults for OML/cmm/m/it on input line 116.
LaTeX Font Info:    ... okay on input line 116.
LaTeX Font Info:    Checking defaults for OMS/cmsy/m/n on input line 116.
LaTeX Font Info:    ... okay on input line 116.
LaTeX Font Info:    Checking defaults for OT1/cmr/m/n on input line 116.
LaTeX Font Info:    ... okay on input line 116.
LaTeX Font Info:    Checking defaults for T1/cmr/m/n on input line 116.
LaTeX Font Info:    ... okay on input line 116.
LaTeX Font Info:    Checking defaults for TS1/cmr/m/n on input line 116.
LaTeX Font Info:    Trying to load font information for TS1+cmr on input line 1
16.

(c:/Program Files (x86)/texlive/2024/texmf-dist/tex/latex/base/ts1cmr.fd
File: ts1cmr.fd 2023/04/13 v2.5m Standard LaTeX font definitions
)
LaTeX Font Info:    ... okay on input line 116.
LaTeX Font Info:    Checking defaults for TU/lmr/m/n on input line 116.
LaTeX Font Info:    ... okay on input line 116.
LaTeX Font Info:    Checking defaults for OMX/cmex/m/n on input line 116.
LaTeX Font Info:    ... okay on input line 116.
LaTeX Font Info:    Checking defaults for U/cmr/m/n on input line 116.
LaTeX Font Info:    ... okay on input line 116.

*geometry* driver: auto-detecting
*geometry* detected driver: xetex
*geometry* verbose mode - [ preamble ] result:
* driver: xetex
* paper: <default>
* layout: <same size as paper>
* layoutoffset:(h,v)=(0.0pt,0.0pt)
* modes: 
* h-part:(L,W,R)=(56.9055pt, 500.484pt, 56.9055pt)
* v-part:(T,H,B)=(56.9055pt, 681.15898pt, 56.9055pt)
* \paperwidth=614.295pt
* \paperheight=794.96999pt
* \textwidth=500.484pt
* \textheight=681.15898pt
* \oddsidemargin=-15.36449pt
* \evensidemargin=-15.36449pt
* \topmargin=-52.36449pt
* \headheight=12.0pt
* \headsep=25.0pt
* \topskip=11.0pt
* \footskip=30.0pt
* \marginparwidth=59.0pt
* \marginparsep=10.0pt
* \columnsep=10.0pt
* \skip\footins=10.0pt plus 4.0pt minus 2.0pt
* \hoffset=0.0pt
* \voffset=0.0pt
* \mag=1000
* \@twocolumnfalse
* \@twosidefalse
* \@mparswitchfalse
* \@reversemarginfalse
* (1in=72.27pt=25.4mm, 1cm=28.453pt)

\c@lstlisting=\count375

Package pgfplots Warning: running in backwards compatibility mode (unsuitable t
ick labels; missing features). Consider writing \pgfplotsset{compat=1.18} into 
your preamble.
 on input line 116.

LaTeX Font Info:    Trying to load font information for U+msa on input line 160
.
(c:/Program Files (x86)/texlive/2024/texmf-dist/tex/latex/amsfonts/umsa.fd
File: umsa.fd 2013/01/14 v3.01 AMS symbols A
)
LaTeX Font Info:    Trying to load font information for U+msb on input line 160
.

(c:/Program Files (x86)/texlive/2024/texmf-dist/tex/latex/amsfonts/umsb.fd
File: umsb.fd 2013/01/14 v3.01 AMS symbols B
)
[1

]
File: images/p1a.jpg Graphic file (type bmp)
<images/p1a.jpg>
File: images/p1b_h.jpg Graphic file (type bmp)
<images/p1b_h.jpg>


LaTeX Warning: `h' float specifier changed to `ht'.

File: images/p1b_result.jpg Graphic file (type bmp)
<images/p1b_result.jpg>

LaTeX Warning: `h' float specifier changed to `ht'.

[2]
File: images/p2_h.jpg Graphic file (type bmp)
<images/p2_h.jpg>


LaTeX Warning: `h' float specifier changed to `ht'.

File: images/p2_result.jpg Graphic file (type bmp)
<images/p2_result.jpg>

LaTeX Warning: `h' float specifier changed to `ht'.

[3]
File: images/p3_hsi.jpg Graphic file (type bmp)
<images/p3_hsi.jpg>


LaTeX Warning: `h' float specifier changed to `ht'.

File: images/p3_rgb.jpg Graphic file (type bmp)
<images/p3_rgb.jpg>

LaTeX Warning: `h' float specifier changed to `ht'.

[4] [5]
File: images/p4a.jpg Graphic file (type bmp)
<images/p4a.jpg>

Underfull \hbox (badness 10000) in paragraph at lines 288--291

 []

File: images/p4c.jpg Graphic file (type bmp)
<images/p4c.jpg>

LaTeX Warning: `h' float specifier changed to `ht'.

[6] [7] (./HW2_Report_2020531005_Yanruyue.aux)
 ***********
LaTeX2e <2023-11-01> patch level 1
L3 programming layer <2024-02-20>
 ***********
 ) 
Here is how much of TeX's memory you used:
 28679 strings out of 474772
 697390 string characters out of 5752368
 1933842 words of memory out of 5000000
 50307 multiletter control sequences out of 15000+600000
 566233 words of font info for 72 fonts, out of 8000000 for 9000
 1348 hyphenation exceptions out of 8191
 77i,8n,80p,745b,479s stack positions out of 10000i,1000n,20000p,200000b,200000s

Output written on HW2_Report_2020531005_Yanruyue.pdf (7 pages).
